
> vite_react_shadcn_ts@0.0.0 build
> vite build

[36mvite v5.4.19 [32mbuilding for production...[36m[39m
transforming...
node.exe : Browserslist: 
browsers data (caniuse-lite) 
is 9 months old. Please run:
At line:1 char:1
+ & "C:\Program 
Files\nodejs/node.exe" 
"C:\Program 
Files\nodejs/node_mo ...
+ ~~~~~~~~~~~~~~~~~~~~~~~~~~~
~~~~~~~~~~~~~~~~~~~~~~~~~~~~~
~~~~~~~~~~~~~
    + CategoryInfo           
   : NotSpecified: (Browser  
  slist: b...ld. Please ru   
 n::String) [], RemoteExc    
eption
    + FullyQualifiedErrorId  
   : NativeCommandError
 
  npx 
update-browserslist-db@latest
  Why you should do it 
regularly: https://github.com
/browserslist/update-db#readm
e
[32mÔ£ô[39m 20 modules transformed.
[31mx[39m Build failed in 
1.73s
[31merror during build:
[31m[vite:esbuild] 
Transform failed with 1 
error:
C:/Users/Magudesh/Desktop/zen
sar/skill matrix 1/skill-navi
gator/src/pages/ResumeBuilder
Page.tsx:87:51: ERROR: 
Syntax error "`"[31m
file: [36mC:/Users/Magudesh/
Desktop/zensar/skill matrix 1
/skill-navigator/src/pages/Re
sumeBuilderPage.tsx:87:51[31
m
[33m
[33mSyntax error "`"[33m
85 |  
86 |    const pg = { 
minHeight: '100vh', 
background: T.bg, color: 
T.text, display: 'flex', 
flexDirection: 'column' as 
const, fontFamily: "'Inter', 
sans-serif" };
87 |    const cardStyle = { 
background: T.card, border: 
\`1px solid \${T.bdr}\`, 
borderRadius: 16, padding: 
24 };
   |                         
                            ^
88 |  
89 |    const selectStyle = {
[31m
    at failureErrorWithLog (C
:\Users\Magudesh\Desktop\zens
ar\skill matrix 1\skill-navig
ator\node_modules\esbuild\lib
\main.js:1472:15)
    at C:\Users\Magudesh\Desk
top\zensar\skill matrix 1\ski
ll-navigator\node_modules\esb
uild\lib\main.js:755:50
    at 
responseCallbacks.<computed> 
(C:\Users\Magudesh\Desktop\ze
nsar\skill matrix 1\skill-nav
igator\node_modules\esbuild\l
ib\main.js:622:9)
    at handleIncomingPacket (
C:\Users\Magudesh\Desktop\zen
sar\skill matrix 1\skill-navi
gator\node_modules\esbuild\li
b\main.js:677:12)
    at Socket.readFromStdout 
(C:\Users\Magudesh\Desktop\ze
nsar\skill matrix 1\skill-nav
igator\node_modules\esbuild\l
ib\main.js:600:7)
    at Socket.emit 
(node:events:508:28)
    at addChunk (node:interna
l/streams/readable:559:12)
    at 
readableAddChunkPushByteMode 
(node:internal/streams/readab
le:510:3)
    at Readable.push (node:in
ternal/streams/readable:390:5
)
    at Pipe.onStreamRead (nod
e:internal/stream_base_common
s:189:23)[39m
